snapshots["performs snapshot tests 1"] = <<~SNAP
hello
SNAP

snapshots["performs snapshot tests 2"] = <<~SNAP
goodbye
SNAP
