Lorem ipsum dolor sit amet, consectetur adipiscing elit. Aliquam diam
urna, dignissim a faucibus eu, malesuada vitae tellus. Aliquam dignissim
volutpat fermentum. Nam ultricies risus ac ornare venenatis.
